date,ticker,total,price,fx,cross,flow
2025-09-15,PORTFOLIO,100000.0,0.0,100000.0,0.0,0.0
2025-09-15,VTI,100000.0,0.0,100000.0,0.0,0.0

