date,ticker,total,price,fx,cross,flow
2025-09-15,PORTFOLIO,145000.0,145000.0,0.0,0.0,0.0
2025-09-15,VTI,145000.0,145000.0,0.0,0.0,0.0
