date,ticker,total,price,fx,cross,flow
2025-09-15,PORTFOLIO,245000.0,140000.0,100000.0,5000.0,0.0
2025-09-15,VTI,245000.0,140000.0,100000.0,5000.0,0.0

