date,ticker,total,price,fx,cross,flow
2025-09-15,PORTFOLIO,290000.0,0.0,0.0,0.0,290000.0
2025-09-15,VTI,290000.0,0.0,0.0,0.0,290000.0
