date,ccy,value_jpy
2023-12-29,JPY,500.0
2023-12-29,USD,280000.0
2023-12-30,JPY,505.0
2023-12-30,USD,320210.0
