date,total_value_jpy
2023-12-29,280500.0
2023-12-30,320715.0
