date,ticker,value_jpy,portfolio_value_jpy,weight
2023-12-29,TOPIX,500.0,280500.0,0.001783
2023-12-29,VTI,280000.0,280500.0,0.998217
2023-12-30,TOPIX,505.0,320715.0,0.001575
2023-12-30,VTI,320210.0,320715.0,0.998425
