date,ticker,ccy,qty,price_ccy,fx_rate,value_jpy_3dp
2025-09-15,VTI,USD,2037.88,270.5,145.2,80040997.608
